// Jest Snapshot v1, https://goo.gl/fbAQLP

exports[`Header when passed detailed information correctly renders 1`] = `
<nav
  className="navbar navbar-default"
>
  <ul
    className="nav navbar-nav"
  >
    <a
      className="navbar-brand"
      href="/"
    >
      ABWI
    </a>
    <Component />
  </ul>
</nav>
`;
