// Jest Snapshot v1, https://goo.gl/fbAQLP

exports[`ProjectDetail with project renders with items 1`] = `
<div>
  <Component
    text="Client"
  />
  <Link
    replace={false}
    to="/clients/undefined"
  >
    hello
  </Link>
  <Component
    text="Items"
  />
  <Component
    items={
      Array [
        1,
        2,
      ]
    }
  />
  <Button
    active={false}
    block={false}
    bsClass="btn"
    bsStyle="default"
    disabled={false}
    onClick={[Function]}
  >
    Add
  </Button>
  <Component />
</div>
`;
